// Jest Snapshot v1, https://goo.gl/fbAQLP

exports[`renders correctly 1`] = `
<section
  className="d-flex flex-column justify-content-center"
>
  <div
    className="d-flex justify-content-center m-5"
  >
    <div
      className="mt-5 shadow input-group"
    >
      <span
        className="input-group-text"
        id="country-name"
      >
        <svg
          fill="currentColor"
          height="1em"
          stroke="currentColor"
          strokeWidth="0"
          style={
            Object {
              "color": undefined,
            }
          }
          viewBox="0 0 512 512"
          width="1em"
          xmlns="http://www.w3.org/2000/svg"
        >
          <path
            d="M443.5 420.2L336.7 312.4c20.9-26.2 33.5-59.4 33.5-95.5 0-84.5-68.5-153-153.1-153S64 132.5 64 217s68.5 153 153.1 153c36.6 0 70.1-12.8 96.5-34.2l106.1 107.1c3.2 3.4 7.6 5.1 11.9 5.1 4.1 0 8.2-1.5 11.3-4.5 6.6-6.3 6.8-16.7.6-23.3zm-226.4-83.1c-32.1 0-62.3-12.5-85-35.2-22.7-22.7-35.2-52.9-35.2-84.9 0-32.1 12.5-62.3 35.2-84.9 22.7-22.7 52.9-35.2 85-35.2s62.3 12.5 85 35.2c22.7 22.7 35.2 52.9 35.2 84.9 0 32.1-12.5 62.3-35.2 84.9-22.7 22.7-52.9 35.2-85 35.2z"
          />
        </svg>
      </span>
      <input
        aria-describedby="country-name"
        aria-label="name"
        className="form-control"
        onChange={[Function]}
        placeholder="Search by Country name"
      />
    </div>
  </div>
  <div
    style={
      Object {
        "boxSizing": "border-box",
        "marginLeft": "auto",
        "marginRight": "auto",
        "maxWidth": 1540,
        "paddingLeft": 15,
        "paddingRight": 15,
        "position": "relative",
      }
    }
  >
    <div
      className="columnI"
      style={
        Object {
          "alignItems": "normal",
          "display": "flex",
          "flexDirection": "row",
          "flexGrow": 0,
          "flexShrink": 0,
          "flexWrap": "wrap",
          "justifyContent": "flex-start",
          "marginLeft": -15,
          "marginRight": -15,
        }
      }
    />
  </div>
</section>
`;
